Target Part: AGL015V2_QFN68_STD
Report for cell fsm.verilog
  Core Cell usage:
              cell count     area count*area
              AO1A     1      1.0        1.0
              AO1D     1      1.0        1.0
              AOI1     2      1.0        2.0
             AOI1B     1      1.0        1.0
               GND     1      0.0        0.0
             NOR2A     1      1.0        1.0
             NOR2B     1      1.0        1.0
             NOR3A     1      1.0        1.0
             NOR3B     1      1.0        1.0
              OA1B     2      1.0        2.0
              OA1C     1      1.0        1.0
               OR2     1      1.0        1.0
               OR3     1      1.0        1.0
               VCC     1      0.0        0.0


            DFN1C0     3      1.0        3.0
            DFN1P0     3      1.0        3.0
                   -----          ----------
             TOTAL    22                20.0


  IO Cell usage:
              cell count
            CLKBUF     1
             INBUF     3
            OUTBUF     2
                   -----
             TOTAL     6


Core Cells         : 20 of 384 (5%)
IO Cells           : 6
